------------------------------------------------------------
TimeQuest Timing Analyzer Summary
------------------------------------------------------------

Type  : Slow Model Setup 'S08clk'
Slack : -15.908
TNS   : -730.923

Type  : Slow Model Setup 'clk50'
Slack : -13.683
TNS   : -3340.345

Type  : Slow Model Setup 'sci:S08sci|baudgen[10]'
Slack : -1.698
TNS   : -19.305

Type  : Slow Model Setup 'sci:S08sci|baudgen[12]'
Slack : -0.618
TNS   : -6.216

Type  : Slow Model Hold 'clk50'
Slack : -1.733
TNS   : -6.101

Type  : Slow Model Hold 'S08clk'
Slack : 0.391
TNS   : 0.000

Type  : Slow Model Hold 'sci:S08sci|baudgen[10]'
Slack : 0.391
TNS   : 0.000

Type  : Slow Model Hold 'sci:S08sci|baudgen[12]'
Slack : 0.391
TNS   : 0.000

Type  : Slow Model Minimum Pulse Width 'clk50'
Slack : -2.000
TNS   : -495.300

Type  : Slow Model Minimum Pulse Width 'S08clk'
Slack : -0.500
TNS   : -60.000

Type  : Slow Model Minimum Pulse Width 'sci:S08sci|baudgen[10]'
Slack : -0.500
TNS   : -14.000

Type  : Slow Model Minimum Pulse Width 'sci:S08sci|baudgen[12]'
Slack : -0.500
TNS   : -13.000

Type  : Fast Model Setup 'S08clk'
Slack : -6.453
TNS   : -290.342

Type  : Fast Model Setup 'clk50'
Slack : -5.428
TNS   : -1271.709

Type  : Fast Model Setup 'sci:S08sci|baudgen[10]'
Slack : -0.322
TNS   : -2.504

Type  : Fast Model Setup 'sci:S08sci|baudgen[12]'
Slack : 0.228
TNS   : 0.000

Type  : Fast Model Hold 'clk50'
Slack : -1.277
TNS   : -5.263

Type  : Fast Model Hold 'S08clk'
Slack : 0.215
TNS   : 0.000

Type  : Fast Model Hold 'sci:S08sci|baudgen[10]'
Slack : 0.215
TNS   : 0.000

Type  : Fast Model Hold 'sci:S08sci|baudgen[12]'
Slack : 0.215
TNS   : 0.000

Type  : Fast Model Minimum Pulse Width 'clk50'
Slack : -2.000
TNS   : -495.300

Type  : Fast Model Minimum Pulse Width 'S08clk'
Slack : -0.500
TNS   : -60.000

Type  : Fast Model Minimum Pulse Width 'sci:S08sci|baudgen[10]'
Slack : -0.500
TNS   : -14.000

Type  : Fast Model Minimum Pulse Width 'sci:S08sci|baudgen[12]'
Slack : -0.500
TNS   : -13.000

------------------------------------------------------------
